Component: ARM Compiler 5.06 update 6 (build 750) Tool: armlink [4d35ed]

==============================================================================

Small function inlining results

Inlined total of 0 calls.

==============================================================================

Section Cross References

    system_nuc131.o(i.SystemCoreClockUpdate) refers to uidiv.o(.text) for __aeabi_uidivmod
    system_nuc131.o(i.SystemCoreClockUpdate) refers to system_nuc131.o(.data) for .data
    startup_nuc131.o(RESET) refers to startup_nuc131.o(STACK) for __initial_sp
    startup_nuc131.o(RESET) refers to startup_nuc131.o(.text) for Reset_Handler
    startup_nuc131.o(RESET) refers to retarget.o(.emb_text) for HardFault_Handler
    startup_nuc131.o(RESET) refers to main.o(i.UART02_IRQHandler) for UART02_IRQHandler
    startup_nuc131.o(.text) refers to system_nuc131.o(i.SystemInit) for SystemInit
    startup_nuc131.o(.text) refers to entry.o(.ARM.Collect$$$$00000000) for __main
    main.o(i.SYS_Init) refers to clk.o(i.CLK_EnableXtalRC) for CLK_EnableXtalRC
    main.o(i.SYS_Init) refers to clk.o(i.CLK_WaitClockReady) for CLK_WaitClockReady
    main.o(i.SYS_Init) refers to clk.o(i.CLK_SetHCLK) for CLK_SetHCLK
    main.o(i.SYS_Init) refers to clk.o(i.CLK_SetCoreClock) for CLK_SetCoreClock
    main.o(i.SYS_Init) refers to clk.o(i.CLK_EnableModuleClock) for CLK_EnableModuleClock
    main.o(i.SYS_Init) refers to clk.o(i.CLK_SetModuleClock) for CLK_SetModuleClock
    main.o(i.SYS_Init) refers to sys.o(i.SYS_ResetModule) for SYS_ResetModule
    main.o(i.SYS_Init) refers to system_nuc131.o(.data) for PllClock
    main.o(i.UART02_IRQHandler) refers to pwm.o(i.PWM_ConfigOutputChannel) for PWM_ConfigOutputChannel
    main.o(i.UART02_IRQHandler) refers to main.o(i.User_Delay) for User_Delay
    main.o(i.UART0_Init) refers to sys.o(i.SYS_ResetModule) for SYS_ResetModule
    main.o(i.UART0_Init) refers to uart.o(i.UART_Open) for UART_Open
    main.o(i.User_GPIO_Init) refers to gpio.o(i.GPIO_SetMode) for GPIO_SetMode
    main.o(i.main) refers to main.o(i.SYS_Init) for SYS_Init
    main.o(i.main) refers to main.o(i.UART0_Init) for UART0_Init
    main.o(i.main) refers to main.o(i.User_GPIO_Init) for User_GPIO_Init
    main.o(i.main) refers to uart.o(i.UART_EnableInt) for UART_EnableInt
    main.o(i.main) refers to pwm.o(i.PWM_ConfigOutputChannel) for PWM_ConfigOutputChannel
    main.o(i.main) refers to pwm.o(i.PWM_EnableOutput) for PWM_EnableOutput
    main.o(i.main) refers to pwm.o(i.PWM_Start) for PWM_Start
    main.o(i.main) refers to printf5.o(i.__0printf$5) for __2printf
    main.o(i.main) refers to main.o(i.User_Delay) for User_Delay
    retarget.o(.emb_text) refers to retarget.o(i.Hard_Fault_Handler) for Hard_Fault_Handler
    retarget.o(i.Hard_Fault_Handler) refers to printf5.o(i.__0printf$5) for __2printf
    retarget.o(i.Hard_Fault_Handler) refers to retarget.o(i.stackDump) for stackDump
    retarget.o(i.SendChar) refers to retarget.o(i.SendChar_ToUART) for SendChar_ToUART
    retarget.o(i._ttywrch) refers to retarget.o(i.SendChar_ToUART) for SendChar_ToUART
    retarget.o(i.fgetc) refers to retarget.o(i.GetChar) for GetChar
    retarget.o(i.fputc) refers to retarget.o(i.SendChar_ToUART) for SendChar_ToUART
    retarget.o(i.stackDump) refers to printf5.o(i.__0printf$5) for __2printf
    uart.o(i.CLK_GetPLLClockFreq) refers to uidiv.o(.text) for __aeabi_uidivmod
    uart.o(i.UART_DisableInt) refers to uart.o(i.NVIC_DisableIRQ) for NVIC_DisableIRQ
    uart.o(i.UART_EnableInt) refers to uart.o(i.NVIC_EnableIRQ) for NVIC_EnableIRQ
    uart.o(i.UART_Open) refers to uart.o(i.CLK_GetPLLClockFreq) for CLK_GetPLLClockFreq
    uart.o(i.UART_Open) refers to uidiv.o(.text) for __aeabi_uidivmod
    uart.o(i.UART_Open) refers to uart.o(.constdata) for .constdata
    uart.o(i.UART_SelectIrDAMode) refers to uart.o(i.CLK_GetPLLClockFreq) for CLK_GetPLLClockFreq
    uart.o(i.UART_SelectIrDAMode) refers to uidiv.o(.text) for __aeabi_uidivmod
    uart.o(i.UART_SelectIrDAMode) refers to uart.o(.constdata) for .constdata
    uart.o(i.UART_SetLine_Config) refers to uart.o(i.CLK_GetPLLClockFreq) for CLK_GetPLLClockFreq
    uart.o(i.UART_SetLine_Config) refers to uidiv.o(.text) for __aeabi_uidivmod
    uart.o(i.UART_SetLine_Config) refers to uart.o(.constdata) for .constdata
    clk.o(i.CLK_DisableCKO) refers to clk.o(i.CLK_DisableModuleClock) for CLK_DisableModuleClock
    clk.o(i.CLK_DisableModuleClock) refers to clk.o(.constdata) for .constdata
    clk.o(i.CLK_EnableCKO) refers to clk.o(i.CLK_EnableModuleClock) for CLK_EnableModuleClock
    clk.o(i.CLK_EnableCKO) refers to clk.o(i.CLK_SetModuleClock) for CLK_SetModuleClock
    clk.o(i.CLK_EnableModuleClock) refers to clk.o(.constdata) for .constdata
    clk.o(i.CLK_EnablePLL) refers to clk.o(i.CLK_WaitClockReady) for CLK_WaitClockReady
    clk.o(i.CLK_EnablePLL) refers to uidiv.o(.text) for __aeabi_uidivmod
    clk.o(i.CLK_GetCPUFreq) refers to system_nuc131.o(i.SystemCoreClockUpdate) for SystemCoreClockUpdate
    clk.o(i.CLK_GetCPUFreq) refers to system_nuc131.o(.data) for SystemCoreClock
    clk.o(i.CLK_GetHCLKFreq) refers to system_nuc131.o(i.SystemCoreClockUpdate) for SystemCoreClockUpdate
    clk.o(i.CLK_GetHCLKFreq) refers to system_nuc131.o(.data) for SystemCoreClock
    clk.o(i.CLK_GetPCLKFreq) refers to system_nuc131.o(i.SystemCoreClockUpdate) for SystemCoreClockUpdate
    clk.o(i.CLK_GetPCLKFreq) refers to system_nuc131.o(.data) for SystemCoreClock
    clk.o(i.CLK_SetCoreClock) refers to clk.o(i.CLK_WaitClockReady) for CLK_WaitClockReady
    clk.o(i.CLK_SetCoreClock) refers to clk.o(i.CLK_EnablePLL) for CLK_EnablePLL
    clk.o(i.CLK_SetCoreClock) refers to clk.o(i.CLK_SetHCLK) for CLK_SetHCLK
    clk.o(i.CLK_SetHCLK) refers to system_nuc131.o(i.SystemCoreClockUpdate) for SystemCoreClockUpdate
    clk.o(i.CLK_SetModuleClock) refers to clk.o(.constdata) for .constdata
    pwm.o(i.CLK_GetPLLClockFreq) refers to uidiv.o(.text) for __aeabi_uidivmod
    pwm.o(i.PWM_ConfigCaptureChannel) refers to pwm.o(i.CLK_GetPLLClockFreq) for CLK_GetPLLClockFreq
    pwm.o(i.PWM_ConfigCaptureChannel) refers to system_nuc131.o(i.SystemCoreClockUpdate) for SystemCoreClockUpdate
    pwm.o(i.PWM_ConfigCaptureChannel) refers to uidiv.o(.text) for __aeabi_uidivmod
    pwm.o(i.PWM_ConfigCaptureChannel) refers to system_nuc131.o(.data) for SystemCoreClock
    pwm.o(i.PWM_ConfigOutputChannel) refers to pwm.o(i.CLK_GetPLLClockFreq) for CLK_GetPLLClockFreq
    pwm.o(i.PWM_ConfigOutputChannel) refers to system_nuc131.o(i.SystemCoreClockUpdate) for SystemCoreClockUpdate
    pwm.o(i.PWM_ConfigOutputChannel) refers to uidiv.o(.text) for __aeabi_uidivmod
    pwm.o(i.PWM_ConfigOutputChannel) refers to system_nuc131.o(.data) for SystemCoreClock
    entry.o(.ARM.Collect$$$$00000000) refers (Special) to entry10a.o(.ARM.Collect$$$$0000000D) for __rt_final_cpp
    entry.o(.ARM.Collect$$$$00000000) refers (Special) to entry11a.o(.ARM.Collect$$$$0000000F) for __rt_final_exit
    entry.o(.ARM.Collect$$$$00000000) refers (Special) to entry7b.o(.ARM.Collect$$$$00000008) for _main_clock
    entry.o(.ARM.Collect$$$$00000000) refers (Special) to entry8b.o(.ARM.Collect$$$$0000000A) for _main_cpp_init
    entry.o(.ARM.Collect$$$$00000000) refers (Special) to entry9a.o(.ARM.Collect$$$$0000000B) for _main_init
    entry.o(.ARM.Collect$$$$00000000) refers (Special) to entry5.o(.ARM.Collect$$$$00000004) for _main_scatterload
    entry.o(.ARM.Collect$$$$00000000) refers (Special) to entry2.o(.ARM.Collect$$$$00000001) for _main_stk
    printfb.o(i.__0fprintf$bare) refers to printfb.o(i._printf_core) for _printf_core
    printfb.o(i.__0fprintf$bare) refers to retarget.o(i.fputc) for fputc
    printfb.o(i.__0printf$bare) refers to printfb.o(i._printf_core) for _printf_core
    printfb.o(i.__0printf$bare) refers to retarget.o(i.fputc) for fputc
    printfb.o(i.__0printf$bare) refers to retarget.o(.data) for __stdout
    printfb.o(i.__0snprintf$bare) refers to printfb.o(i._printf_core) for _printf_core
    printfb.o(i.__0snprintf$bare) refers to printfb.o(i._snputc) for _snputc
    printfb.o(i.__0sprintf$bare) refers to printfb.o(i._printf_core) for _printf_core
    printfb.o(i.__0sprintf$bare) refers to printfb.o(i._sputc) for _sputc
    printfb.o(i.__0vfprintf$bare) refers to printfb.o(i._printf_core) for _printf_core
    printfb.o(i.__0vfprintf$bare) refers to retarget.o(i.fputc) for fputc
    printfb.o(i.__0vprintf$bare) refers to printfb.o(i._printf_core) for _printf_core
    printfb.o(i.__0vprintf$bare) refers to retarget.o(i.fputc) for fputc
    printfb.o(i.__0vprintf$bare) refers to retarget.o(.data) for __stdout
    printfb.o(i.__0vsnprintf$bare) refers to printfb.o(i._printf_core) for _printf_core
    printfb.o(i.__0vsnprintf$bare) refers to printfb.o(i._snputc) for _snputc
    printfb.o(i.__0vsprintf$bare) refers to printfb.o(i._printf_core) for _printf_core
    printfb.o(i.__0vsprintf$bare) refers to printfb.o(i._sputc) for _sputc
    printf0.o(i.__0fprintf$0) refers to printf0.o(i._printf_core) for _printf_core
    printf0.o(i.__0fprintf$0) refers to retarget.o(i.fputc) for fputc
    printf0.o(i.__0printf$0) refers to printf0.o(i._printf_core) for _printf_core
    printf0.o(i.__0printf$0) refers to retarget.o(i.fputc) for fputc
    printf0.o(i.__0printf$0) refers to retarget.o(.data) for __stdout
    printf0.o(i.__0snprintf$0) refers to printf0.o(i._printf_core) for _printf_core
    printf0.o(i.__0snprintf$0) refers to printf0.o(i._snputc) for _snputc
    printf0.o(i.__0sprintf$0) refers to printf0.o(i._printf_core) for _printf_core
    printf0.o(i.__0sprintf$0) refers to printf0.o(i._sputc) for _sputc
    printf0.o(i.__0vfprintf$0) refers to printf0.o(i._printf_core) for _printf_core
    printf0.o(i.__0vfprintf$0) refers to retarget.o(i.fputc) for fputc
    printf0.o(i.__0vprintf$0) refers to printf0.o(i._printf_core) for _printf_core
    printf0.o(i.__0vprintf$0) refers to retarget.o(i.fputc) for fputc
    printf0.o(i.__0vprintf$0) refers to retarget.o(.data) for __stdout
    printf0.o(i.__0vsnprintf$0) refers to printf0.o(i._printf_core) for _printf_core
    printf0.o(i.__0vsnprintf$0) refers to printf0.o(i._snputc) for _snputc
    printf0.o(i.__0vsprintf$0) refers to printf0.o(i._printf_core) for _printf_core
    printf0.o(i.__0vsprintf$0) refers to printf0.o(i._sputc) for _sputc
    printf1.o(i.__0fprintf$1) refers to printf1.o(i._printf_core) for _printf_core
    printf1.o(i.__0fprintf$1) refers to retarget.o(i.fputc) for fputc
    printf1.o(i.__0printf$1) refers to printf1.o(i._printf_core) for _printf_core
    printf1.o(i.__0printf$1) refers to retarget.o(i.fputc) for fputc
    printf1.o(i.__0printf$1) refers to retarget.o(.data) for __stdout
    printf1.o(i.__0snprintf$1) refers to printf1.o(i._printf_core) for _printf_core
    printf1.o(i.__0snprintf$1) refers to printf1.o(i._snputc) for _snputc
    printf1.o(i.__0sprintf$1) refers to printf1.o(i._printf_core) for _printf_core
    printf1.o(i.__0sprintf$1) refers to printf1.o(i._sputc) for _sputc
    printf1.o(i.__0vfprintf$1) refers to printf1.o(i._printf_core) for _printf_core
    printf1.o(i.__0vfprintf$1) refers to retarget.o(i.fputc) for fputc
    printf1.o(i.__0vprintf$1) refers to printf1.o(i._printf_core) for _printf_core
    printf1.o(i.__0vprintf$1) refers to retarget.o(i.fputc) for fputc
    printf1.o(i.__0vprintf$1) refers to retarget.o(.data) for __stdout
    printf1.o(i.__0vsnprintf$1) refers to printf1.o(i._printf_core) for _printf_core
    printf1.o(i.__0vsnprintf$1) refers to printf1.o(i._snputc) for _snputc
    printf1.o(i.__0vsprintf$1) refers to printf1.o(i._printf_core) for _printf_core
    printf1.o(i.__0vsprintf$1) refers to printf1.o(i._sputc) for _sputc
    printf1.o(i._printf_core) refers to uidiv.o(.text) for __aeabi_uidivmod
    printf2.o(i.__0fprintf$2) refers to printf2.o(i._printf_core) for _printf_core
    printf2.o(i.__0fprintf$2) refers to retarget.o(i.fputc) for fputc
    printf2.o(i.__0printf$2) refers to printf2.o(i._printf_core) for _printf_core
    printf2.o(i.__0printf$2) refers to retarget.o(i.fputc) for fputc
    printf2.o(i.__0printf$2) refers to retarget.o(.data) for __stdout
    printf2.o(i.__0snprintf$2) refers to printf2.o(i._printf_core) for _printf_core
    printf2.o(i.__0snprintf$2) refers to printf2.o(i._snputc) for _snputc
    printf2.o(i.__0sprintf$2) refers to printf2.o(i._printf_core) for _printf_core
    printf2.o(i.__0sprintf$2) refers to printf2.o(i._sputc) for _sputc
    printf2.o(i.__0vfprintf$2) refers to printf2.o(i._printf_core) for _printf_core
    printf2.o(i.__0vfprintf$2) refers to retarget.o(i.fputc) for fputc
    printf2.o(i.__0vprintf$2) refers to printf2.o(i._printf_core) for _printf_core
    printf2.o(i.__0vprintf$2) refers to retarget.o(i.fputc) for fputc
    printf2.o(i.__0vprintf$2) refers to retarget.o(.data) for __stdout
    printf2.o(i.__0vsnprintf$2) refers to printf2.o(i._printf_core) for _printf_core
    printf2.o(i.__0vsnprintf$2) refers to printf2.o(i._snputc) for _snputc
    printf2.o(i.__0vsprintf$2) refers to printf2.o(i._printf_core) for _printf_core
    printf2.o(i.__0vsprintf$2) refers to printf2.o(i._sputc) for _sputc
    printf3.o(i.__0fprintf$3) refers to printf3.o(i._printf_core) for _printf_core
    printf3.o(i.__0fprintf$3) refers to retarget.o(i.fputc) for fputc
    printf3.o(i.__0printf$3) refers to printf3.o(i._printf_core) for _printf_core
    printf3.o(i.__0printf$3) refers to retarget.o(i.fputc) for fputc
    printf3.o(i.__0printf$3) refers to retarget.o(.data) for __stdout
    printf3.o(i.__0snprintf$3) refers to printf3.o(i._printf_core) for _printf_core
    printf3.o(i.__0snprintf$3) refers to printf3.o(i._snputc) for _snputc
    printf3.o(i.__0sprintf$3) refers to printf3.o(i._printf_core) for _printf_core
    printf3.o(i.__0sprintf$3) refers to printf3.o(i._sputc) for _sputc
    printf3.o(i.__0vfprintf$3) refers to printf3.o(i._printf_core) for _printf_core
    printf3.o(i.__0vfprintf$3) refers to retarget.o(i.fputc) for fputc
    printf3.o(i.__0vprintf$3) refers to printf3.o(i._printf_core) for _printf_core
    printf3.o(i.__0vprintf$3) refers to retarget.o(i.fputc) for fputc
    printf3.o(i.__0vprintf$3) refers to retarget.o(.data) for __stdout
    printf3.o(i.__0vsnprintf$3) refers to printf3.o(i._printf_core) for _printf_core
    printf3.o(i.__0vsnprintf$3) refers to printf3.o(i._snputc) for _snputc
    printf3.o(i.__0vsprintf$3) refers to printf3.o(i._printf_core) for _printf_core
    printf3.o(i.__0vsprintf$3) refers to printf3.o(i._sputc) for _sputc
    printf3.o(i._printf_core) refers to uidiv.o(.text) for __aeabi_uidivmod
    printf4.o(i.__0fprintf$4) refers to printf4.o(i._printf_core) for _printf_core
    printf4.o(i.__0fprintf$4) refers to retarget.o(i.fputc) for fputc
    printf4.o(i.__0printf$4) refers to printf4.o(i._printf_core) for _printf_core
    printf4.o(i.__0printf$4) refers to retarget.o(i.fputc) for fputc
    printf4.o(i.__0printf$4) refers to retarget.o(.data) for __stdout
    printf4.o(i.__0snprintf$4) refers to printf4.o(i._printf_core) for _printf_core
    printf4.o(i.__0snprintf$4) refers to printf4.o(i._snputc) for _snputc
    printf4.o(i.__0sprintf$4) refers to printf4.o(i._printf_core) for _printf_core
    printf4.o(i.__0sprintf$4) refers to printf4.o(i._sputc) for _sputc
    printf4.o(i.__0vfprintf$4) refers to printf4.o(i._printf_core) for _printf_core
    printf4.o(i.__0vfprintf$4) refers to retarget.o(i.fputc) for fputc
    printf4.o(i.__0vprintf$4) refers to printf4.o(i._printf_core) for _printf_core
    printf4.o(i.__0vprintf$4) refers to retarget.o(i.fputc) for fputc
    printf4.o(i.__0vprintf$4) refers to retarget.o(.data) for __stdout
    printf4.o(i.__0vsnprintf$4) refers to printf4.o(i._printf_core) for _printf_core
    printf4.o(i.__0vsnprintf$4) refers to printf4.o(i._snputc) for _snputc
    printf4.o(i.__0vsprintf$4) refers to printf4.o(i._printf_core) for _printf_core
    printf4.o(i.__0vsprintf$4) refers to printf4.o(i._sputc) for _sputc
    printf4.o(i._printf_core) refers to uldiv.o(.text) for __aeabi_uldivmod
    printf5.o(i.__0fprintf$5) refers to printf5.o(i._printf_core) for _printf_core
    printf5.o(i.__0fprintf$5) refers to retarget.o(i.fputc) for fputc
    printf5.o(i.__0printf$5) refers to printf5.o(i._printf_core) for _printf_core
    printf5.o(i.__0printf$5) refers to retarget.o(i.fputc) for fputc
    printf5.o(i.__0printf$5) refers to retarget.o(.data) for __stdout
    printf5.o(i.__0snprintf$5) refers to printf5.o(i._printf_core) for _printf_core
    printf5.o(i.__0snprintf$5) refers to printf5.o(i._snputc) for _snputc
    printf5.o(i.__0sprintf$5) refers to printf5.o(i._printf_core) for _printf_core
    printf5.o(i.__0sprintf$5) refers to printf5.o(i._sputc) for _sputc
    printf5.o(i.__0vfprintf$5) refers to printf5.o(i._printf_core) for _printf_core
    printf5.o(i.__0vfprintf$5) refers to retarget.o(i.fputc) for fputc
    printf5.o(i.__0vprintf$5) refers to printf5.o(i._printf_core) for _printf_core
    printf5.o(i.__0vprintf$5) refers to retarget.o(i.fputc) for fputc
    printf5.o(i.__0vprintf$5) refers to retarget.o(.data) for __stdout
    printf5.o(i.__0vsnprintf$5) refers to printf5.o(i._printf_core) for _printf_core
    printf5.o(i.__0vsnprintf$5) refers to printf5.o(i._snputc) for _snputc
    printf5.o(i.__0vsprintf$5) refers to printf5.o(i._printf_core) for _printf_core
    printf5.o(i.__0vsprintf$5) refers to printf5.o(i._sputc) for _sputc
    printf5.o(i._printf_core) refers to uldiv.o(.text) for __aeabi_uldivmod
    printf6.o(i.__0fprintf$6) refers to printf6.o(i._printf_core) for _printf_core
    printf6.o(i.__0fprintf$6) refers to retarget.o(i.fputc) for fputc
    printf6.o(i.__0printf$6) refers to printf6.o(i._printf_core) for _printf_core
    printf6.o(i.__0printf$6) refers to retarget.o(i.fputc) for fputc
    printf6.o(i.__0printf$6) refers to retarget.o(.data) for __stdout
    printf6.o(i.__0snprintf$6) refers to printf6.o(i._printf_core) for _printf_core
    printf6.o(i.__0snprintf$6) refers to printf6.o(i._snputc) for _snputc
    printf6.o(i.__0sprintf$6) refers to printf6.o(i._printf_core) for _printf_core
    printf6.o(i.__0sprintf$6) refers to printf6.o(i._sputc) for _sputc
    printf6.o(i.__0vfprintf$6) refers to printf6.o(i._printf_core) for _printf_core
    printf6.o(i.__0vfprintf$6) refers to retarget.o(i.fputc) for fputc
    printf6.o(i.__0vprintf$6) refers to printf6.o(i._printf_core) for _printf_core
    printf6.o(i.__0vprintf$6) refers to retarget.o(i.fputc) for fputc
    printf6.o(i.__0vprintf$6) refers to retarget.o(.data) for __stdout
    printf6.o(i.__0vsnprintf$6) refers to printf6.o(i._printf_core) for _printf_core
    printf6.o(i.__0vsnprintf$6) refers to printf6.o(i._snputc) for _snputc
    printf6.o(i.__0vsprintf$6) refers to printf6.o(i._printf_core) for _printf_core
    printf6.o(i.__0vsprintf$6) refers to printf6.o(i._sputc) for _sputc
    printf6.o(i._printf_core) refers to printf6.o(i._printf_pre_padding) for _printf_pre_padding
    printf6.o(i._printf_core) refers to printf6.o(i._printf_post_padding) for _printf_post_padding
    printf6.o(i._printf_core) refers to uidiv.o(.text) for __aeabi_uidivmod
    printf7.o(i.__0fprintf$7) refers to printf7.o(i._printf_core) for _printf_core
    printf7.o(i.__0fprintf$7) refers to retarget.o(i.fputc) for fputc
    printf7.o(i.__0printf$7) refers to printf7.o(i._printf_core) for _printf_core
    printf7.o(i.__0printf$7) refers to retarget.o(i.fputc) for fputc
    printf7.o(i.__0printf$7) refers to retarget.o(.data) for __stdout
    printf7.o(i.__0snprintf$7) refers to printf7.o(i._printf_core) for _printf_core
    printf7.o(i.__0snprintf$7) refers to printf7.o(i._snputc) for _snputc
    printf7.o(i.__0sprintf$7) refers to printf7.o(i._printf_core) for _printf_core
    printf7.o(i.__0sprintf$7) refers to printf7.o(i._sputc) for _sputc
    printf7.o(i.__0vfprintf$7) refers to printf7.o(i._printf_core) for _printf_core
    printf7.o(i.__0vfprintf$7) refers to retarget.o(i.fputc) for fputc
    printf7.o(i.__0vprintf$7) refers to printf7.o(i._printf_core) for _printf_core
    printf7.o(i.__0vprintf$7) refers to retarget.o(i.fputc) for fputc
    printf7.o(i.__0vprintf$7) refers to retarget.o(.data) for __stdout
    printf7.o(i.__0vsnprintf$7) refers to printf7.o(i._printf_core) for _printf_core
    printf7.o(i.__0vsnprintf$7) refers to printf7.o(i._snputc) for _snputc
    printf7.o(i.__0vsprintf$7) refers to printf7.o(i._printf_core) for _printf_core
    printf7.o(i.__0vsprintf$7) refers to printf7.o(i._sputc) for _sputc
    printf7.o(i._printf_core) refers to printf7.o(i._printf_pre_padding) for _printf_pre_padding
    printf7.o(i._printf_core) refers to printf7.o(i._printf_post_padding) for _printf_post_padding
    printf7.o(i._printf_core) refers to uldiv.o(.text) for __aeabi_uldivmod
    printf8.o(i.__0fprintf$8) refers to printf8.o(i._printf_core) for _printf_core
    printf8.o(i.__0fprintf$8) refers to retarget.o(i.fputc) for fputc
    printf8.o(i.__0printf$8) refers to printf8.o(i._printf_core) for _printf_core
    printf8.o(i.__0printf$8) refers to retarget.o(i.fputc) for fputc
    printf8.o(i.__0printf$8) refers to retarget.o(.data) for __stdout
    printf8.o(i.__0snprintf$8) refers to printf8.o(i._printf_core) for _printf_core
    printf8.o(i.__0snprintf$8) refers to printf8.o(i._snputc) for _snputc
    printf8.o(i.__0sprintf$8) refers to printf8.o(i._printf_core) for _printf_core
    printf8.o(i.__0sprintf$8) refers to printf8.o(i._sputc) for _sputc
    printf8.o(i.__0vfprintf$8) refers to printf8.o(i._printf_core) for _printf_core
    printf8.o(i.__0vfprintf$8) refers to retarget.o(i.fputc) for fputc
    printf8.o(i.__0vprintf$8) refers to printf8.o(i._printf_core) for _printf_core
    printf8.o(i.__0vprintf$8) refers to retarget.o(i.fputc) for fputc
    printf8.o(i.__0vprintf$8) refers to retarget.o(.data) for __stdout
    printf8.o(i.__0vsnprintf$8) refers to printf8.o(i._printf_core) for _printf_core
    printf8.o(i.__0vsnprintf$8) refers to printf8.o(i._snputc) for _snputc
    printf8.o(i.__0vsprintf$8) refers to printf8.o(i._printf_core) for _printf_core
    printf8.o(i.__0vsprintf$8) refers to printf8.o(i._sputc) for _sputc
    printf8.o(i._printf_core) refers to printf8.o(i._printf_pre_padding) for _printf_pre_padding
    printf8.o(i._printf_core) refers to printf8.o(i._printf_post_padding) for _printf_post_padding
    printf8.o(i._printf_core) refers to uldiv.o(.text) for __aeabi_uldivmod
    printfa.o(i.__0fprintf) refers (Special) to iusefp.o(.text) for __I$use$fp
    printfa.o(i.__0fprintf) refers to printfa.o(i._printf_core) for _printf_core
    printfa.o(i.__0fprintf) refers to retarget.o(i.fputc) for fputc
    printfa.o(i.__0printf) refers (Special) to iusefp.o(.text) for __I$use$fp
    printfa.o(i.__0printf) refers to printfa.o(i._printf_core) for _printf_core
    printfa.o(i.__0printf) refers to retarget.o(i.fputc) for fputc
    printfa.o(i.__0printf) refers to retarget.o(.data) for __stdout
    printfa.o(i.__0snprintf) refers (Special) to iusefp.o(.text) for __I$use$fp
    printfa.o(i.__0snprintf) refers to printfa.o(i._printf_core) for _printf_core
    printfa.o(i.__0snprintf) refers to printfa.o(i._snputc) for _snputc
    printfa.o(i.__0sprintf) refers (Special) to iusefp.o(.text) for __I$use$fp
    printfa.o(i.__0sprintf) refers to printfa.o(i._printf_core) for _printf_core
    printfa.o(i.__0sprintf) refers to printfa.o(i._sputc) for _sputc
    printfa.o(i.__0vfprintf) refers (Special) to iusefp.o(.text) for __I$use$fp
    printfa.o(i.__0vfprintf) refers to printfa.o(i._printf_core) for _printf_core
    printfa.o(i.__0vfprintf) refers to retarget.o(i.fputc) for fputc
    printfa.o(i.__0vprintf) refers (Special) to iusefp.o(.text) for __I$use$fp
    printfa.o(i.__0vprintf) refers to printfa.o(i._printf_core) for _printf_core
    printfa.o(i.__0vprintf) refers to retarget.o(i.fputc) for fputc
    printfa.o(i.__0vprintf) refers to retarget.o(.data) for __stdout
    printfa.o(i.__0vsnprintf) refers (Special) to iusefp.o(.text) for __I$use$fp
    printfa.o(i.__0vsnprintf) refers to printfa.o(i._printf_core) for _printf_core
    printfa.o(i.__0vsnprintf) refers to printfa.o(i._snputc) for _snputc
    printfa.o(i.__0vsprintf) refers (Special) to iusefp.o(.text) for __I$use$fp
    printfa.o(i.__0vsprintf) refers to printfa.o(i._printf_core) for _printf_core
    printfa.o(i.__0vsprintf) refers to printfa.o(i._sputc) for _sputc
    printfa.o(i._fp_digits) refers (Special) to iusefp.o(.text) for __I$use$fp
    printfa.o(i._fp_digits) refers to dmul.o(.text) for __aeabi_dmul
    printfa.o(i._fp_digits) refers to ddiv.o(.text) for __aeabi_ddiv
    printfa.o(i._fp_digits) refers to cdrcmple.o(.text) for __aeabi_cdrcmple
    printfa.o(i._fp_digits) refers to dadd.o(.text) for __aeabi_dadd
    printfa.o(i._fp_digits) refers to dfixul.o(.text) for __aeabi_d2ulz
    printfa.o(i._fp_digits) refers to uldiv.o(.text) for __aeabi_uldivmod
    printfa.o(i._printf_core) refers (Special) to iusefp.o(.text) for __I$use$fp
    printfa.o(i._printf_core) refers to printfa.o(i._printf_pre_padding) for _printf_pre_padding
    printfa.o(i._printf_core) refers to uldiv.o(.text) for __aeabi_uldivmod
    printfa.o(i._printf_core) refers to printfa.o(i._printf_post_padding) for _printf_post_padding
    printfa.o(i._printf_core) refers to printfa.o(i._fp_digits) for _fp_digits
    printfa.o(i._printf_core) refers to uidiv.o(.text) for __aeabi_uidivmod
    printfa.o(i._printf_post_padding) refers (Special) to iusefp.o(.text) for __I$use$fp
    printfa.o(i._printf_pre_padding) refers (Special) to iusefp.o(.text) for __I$use$fp
    printfa.o(i._snputc) refers (Special) to iusefp.o(.text) for __I$use$fp
    printfa.o(i._sputc) refers (Special) to iusefp.o(.text) for __I$use$fp
    entry2.o(.ARM.Collect$$$$00000001) refers to entry2.o(.ARM.Collect$$$$00002712) for __lit__00000000
    entry2.o(.ARM.Collect$$$$00002712) refers to startup_nuc131.o(STACK) for __initial_sp
    entry2.o(__vectab_stack_and_reset_area) refers to startup_nuc131.o(STACK) for __initial_sp
    entry2.o(__vectab_stack_and_reset_area) refers to entry.o(.ARM.Collect$$$$00000000) for __main
    entry5.o(.ARM.Collect$$$$00000004) refers to init.o(.text) for __scatterload
    entry9a.o(.ARM.Collect$$$$0000000B) refers to main.o(i.main) for main
    entry9b.o(.ARM.Collect$$$$0000000C) refers to main.o(i.main) for main
    uldiv.o(.text) refers to llushr.o(.text) for __aeabi_llsr
    uldiv.o(.text) refers to llshl.o(.text) for __aeabi_llsl
    dadd.o(.text) refers to llshl.o(.text) for __aeabi_llsl
    dadd.o(.text) refers to llsshr.o(.text) for __aeabi_lasr
    dadd.o(.text) refers to depilogue.o(.text) for _double_epilogue
    dmul.o(.text) refers to depilogue.o(.text) for _double_epilogue
    ddiv.o(.text) refers to depilogue.o(.text) for _double_round
    dfixul.o(.text) refers to llushr.o(.text) for __aeabi_llsr
    dfixul.o(.text) refers to llshl.o(.text) for __aeabi_llsl
    init.o(.text) refers to entry5.o(.ARM.Collect$$$$00000004) for __main_after_scatterload
    depilogue.o(.text) refers to depilogue.o(i.__ARM_clz) for __ARM_clz
    depilogue.o(.text) refers to llshl.o(.text) for __aeabi_llsl
    depilogue.o(.text) refers to llushr.o(.text) for __aeabi_llsr


==============================================================================

Removing Unused input sections from the image.

    Removing system_nuc131.o(.rev16_text), (4 bytes).
    Removing system_nuc131.o(.revsh_text), (4 bytes).
    Removing startup_nuc131.o(HEAP), (0 bytes).
    Removing main.o(.rev16_text), (4 bytes).
    Removing main.o(.revsh_text), (4 bytes).
    Removing main.o(.bss), (1024 bytes).
    Removing main.o(.data), (4 bytes).
    Removing main.o(.data), (4 bytes).
    Removing main.o(.data), (4 bytes).
    Removing retarget.o(.rev16_text), (4 bytes).
    Removing retarget.o(.revsh_text), (4 bytes).
    Removing retarget.o(i.GetChar), (20 bytes).
    Removing retarget.o(i.IsDebugFifoEmpty), (16 bytes).
    Removing retarget.o(i.SendChar), (8 bytes).
    Removing retarget.o(i._ttywrch), (8 bytes).
    Removing retarget.o(i.ferror), (6 bytes).
    Removing retarget.o(i.fgetc), (8 bytes).
    Removing retarget.o(i.kbhit), (16 bytes).
    Removing retarget.o(.data), (4 bytes).
    Removing gpio.o(.rev16_text), (4 bytes).
    Removing gpio.o(.revsh_text), (4 bytes).
    Removing gpio.o(i.GPIO_DisableInt), (28 bytes).
    Removing gpio.o(i.GPIO_EnableInt), (26 bytes).
    Removing uart.o(.rev16_text), (4 bytes).
    Removing uart.o(.revsh_text), (4 bytes).
    Removing uart.o(i.NVIC_DisableIRQ), (20 bytes).
    Removing uart.o(i.UART_ClearIntFlag), (76 bytes).
    Removing uart.o(i.UART_Close), (6 bytes).
    Removing uart.o(i.UART_DisableFlowCtrl), (12 bytes).
    Removing uart.o(i.UART_DisableInt), (84 bytes).
    Removing uart.o(i.UART_EnableFlowCtrl), (30 bytes).
    Removing uart.o(i.UART_Read), (44 bytes).
    Removing uart.o(i.UART_SelectIrDAMode), (132 bytes).
    Removing uart.o(i.UART_SelectLINMode), (24 bytes).
    Removing uart.o(i.UART_SelectRS485Mode), (32 bytes).
    Removing uart.o(i.UART_SetLine_Config), (128 bytes).
    Removing uart.o(i.UART_SetTimeoutCnt), (22 bytes).
    Removing uart.o(i.UART_Write), (44 bytes).
    Removing clk.o(.rev16_text), (4 bytes).
    Removing clk.o(.revsh_text), (4 bytes).
    Removing clk.o(i.CLK_DisableCKO), (16 bytes).
    Removing clk.o(i.CLK_DisableModuleClock), (48 bytes).
    Removing clk.o(i.CLK_DisablePLL), (16 bytes).
    Removing clk.o(i.CLK_DisableSysTick), (12 bytes).
    Removing clk.o(i.CLK_DisableXtalRC), (16 bytes).
    Removing clk.o(i.CLK_EnableCKO), (44 bytes).
    Removing clk.o(i.CLK_EnableSysTick), (56 bytes).
    Removing clk.o(i.CLK_GetCPUFreq), (16 bytes).
    Removing clk.o(i.CLK_GetHCLKFreq), (16 bytes).
    Removing clk.o(i.CLK_GetHXTFreq), (20 bytes).
    Removing clk.o(i.CLK_GetPCLKFreq), (16 bytes).
    Removing clk.o(i.CLK_Idle), (32 bytes).
    Removing clk.o(i.CLK_PowerDown), (36 bytes).
    Removing clk.o(i.CLK_SetSysTickClockSrc), (20 bytes).
    Removing sys.o(.rev16_text), (4 bytes).
    Removing sys.o(.revsh_text), (4 bytes).
    Removing sys.o(i.SYS_ClearResetSrc), (12 bytes).
    Removing sys.o(i.SYS_DisableBOD), (14 bytes).
    Removing sys.o(i.SYS_EnableBOD), (36 bytes).
    Removing sys.o(i.SYS_GetBODStatus), (12 bytes).
    Removing sys.o(i.SYS_GetResetSrc), (8 bytes).
    Removing sys.o(i.SYS_IsRegLocked), (16 bytes).
    Removing sys.o(i.SYS_ReadPDID), (8 bytes).
    Removing sys.o(i.SYS_ResetCPU), (14 bytes).
    Removing sys.o(i.SYS_ResetChip), (14 bytes).
    Removing pwm.o(.rev16_text), (4 bytes).
    Removing pwm.o(.revsh_text), (4 bytes).
    Removing pwm.o(i.PWM_ClearADCTriggerFlag), (14 bytes).
    Removing pwm.o(i.PWM_ClearCaptureIntFlag), (12 bytes).
    Removing pwm.o(i.PWM_ClearDutyIntFlag), (16 bytes).
    Removing pwm.o(i.PWM_ClearFaultBrakeIntFlag), (10 bytes).
    Removing pwm.o(i.PWM_ClearPeriodIntFlag), (16 bytes).
    Removing pwm.o(i.PWM_ClearWrapAroundFlag), (16 bytes).
    Removing pwm.o(i.PWM_ClearZeroIntFlag), (14 bytes).
    Removing pwm.o(i.PWM_ConfigCaptureChannel), (168 bytes).
    Removing pwm.o(i.PWM_DisableADCTrigger), (32 bytes).
    Removing pwm.o(i.PWM_DisableBrakeNoiseFilter), (16 bytes).
    Removing pwm.o(i.PWM_DisableBrakePinInverse), (16 bytes).
    Removing pwm.o(i.PWM_DisableCapture), (20 bytes).
    Removing pwm.o(i.PWM_DisableCaptureInt), (16 bytes).
    Removing pwm.o(i.PWM_DisableDeadZone), (18 bytes).
    Removing pwm.o(i.PWM_DisableDutyInt), (20 bytes).
    Removing pwm.o(i.PWM_DisableFaultBrakeInt), (14 bytes).
    Removing pwm.o(i.PWM_DisableLoadMode), (10 bytes).
    Removing pwm.o(i.PWM_DisableOutput), (10 bytes).
    Removing pwm.o(i.PWM_DisablePeriodInt), (20 bytes).
    Removing pwm.o(i.PWM_DisableZeroInt), (18 bytes).
    Removing pwm.o(i.PWM_EnableADCTrigger), (54 bytes).
    Removing pwm.o(i.PWM_EnableBrakeNoiseFilter), (30 bytes).
    Removing pwm.o(i.PWM_EnableBrakePinInverse), (16 bytes).
    Removing pwm.o(i.PWM_EnableCapture), (20 bytes).
    Removing pwm.o(i.PWM_EnableCaptureInt), (16 bytes).
    Removing pwm.o(i.PWM_EnableDeadZone), (28 bytes).
    Removing pwm.o(i.PWM_EnableDutyInt), (12 bytes).
    Removing pwm.o(i.PWM_EnableFaultBrake), (236 bytes).
    Removing pwm.o(i.PWM_EnableFaultBrakeInt), (14 bytes).
    Removing pwm.o(i.PWM_EnableLoadMode), (10 bytes).
    Removing pwm.o(i.PWM_EnablePeriodInt), (20 bytes).
    Removing pwm.o(i.PWM_EnableZeroInt), (18 bytes).
    Removing pwm.o(i.PWM_ForceStop), (36 bytes).
    Removing pwm.o(i.PWM_GetADCTriggerFlag), (20 bytes).
    Removing pwm.o(i.PWM_GetCaptureIntFlag), (44 bytes).
    Removing pwm.o(i.PWM_GetDutyIntFlag), (20 bytes).
    Removing pwm.o(i.PWM_GetFaultBrakeIntFlag), (16 bytes).
    Removing pwm.o(i.PWM_GetPeriodIntFlag), (22 bytes).
    Removing pwm.o(i.PWM_GetWrapAroundFlag), (22 bytes).
    Removing pwm.o(i.PWM_GetZeroIntFlag), (20 bytes).
    Removing pwm.o(i.PWM_SetBrakePinSource), (26 bytes).
    Removing pwm.o(i.PWM_SetClockSource), (22 bytes).
    Removing pwm.o(i.PWM_Stop), (32 bytes).
    Removing dadd.o(.text), (356 bytes).
    Removing dmul.o(.text), (208 bytes).
    Removing ddiv.o(.text), (240 bytes).
    Removing dfixul.o(.text), (64 bytes).
    Removing cdrcmple.o(.text), (40 bytes).
    Removing depilogue.o(.text), (190 bytes).
    Removing depilogue.o(i.__ARM_clz), (46 bytes).

117 unused section(s) (total 4766 bytes) removed from the image.

==============================================================================

Image Symbol Table

    Local Symbols

    Symbol Name                              Value     Ov Type        Size  Object(Section)

    RESET                                    0x00000000   Section      192  startup_nuc131.o(RESET)
    ../clib/microlib/division.c              0x00000000   Number         0  uidiv.o ABSOLUTE
    ../clib/microlib/division.c              0x00000000   Number         0  uldiv.o ABSOLUTE
    ../clib/microlib/init/entry.s            0x00000000   Number         0  entry11a.o ABSOLUTE
    ../clib/microlib/init/entry.s            0x00000000   Number         0  entry10b.o ABSOLUTE
    ../clib/microlib/init/entry.s            0x00000000   Number         0  entry10a.o ABSOLUTE
    ../clib/microlib/init/entry.s            0x00000000   Number         0  entry9b.o ABSOLUTE
    ../clib/microlib/init/entry.s            0x00000000   Number         0  entry9a.o ABSOLUTE
    ../clib/microlib/init/entry.s            0x00000000   Number         0  entry8b.o ABSOLUTE
    ../clib/microlib/init/entry.s            0x00000000   Number         0  entry8a.o ABSOLUTE
    ../clib/microlib/init/entry.s            0x00000000   Number         0  entry7b.o ABSOLUTE
    ../clib/microlib/init/entry.s            0x00000000   Number         0  entry7a.o ABSOLUTE
    ../clib/microlib/init/entry.s            0x00000000   Number         0  entry.o ABSOLUTE
    ../clib/microlib/init/entry.s            0x00000000   Number         0  entry5.o ABSOLUTE
    ../clib/microlib/init/entry.s            0x00000000   Number         0  entry2.o ABSOLUTE
    ../clib/microlib/init/entry.s            0x00000000   Number         0  entry11b.o ABSOLUTE
    ../clib/microlib/longlong.c              0x00000000   Number         0  llsshr.o ABSOLUTE
    ../clib/microlib/longlong.c              0x00000000   Number         0  llushr.o ABSOLUTE
    ../clib/microlib/longlong.c              0x00000000   Number         0  llshl.o ABSOLUTE
    ../clib/microlib/printf/printf.c         0x00000000   Number         0  printfa.o ABSOLUTE
    ../clib/microlib/printf/printf.c         0x00000000   Number         0  printf7.o ABSOLUTE
    ../clib/microlib/printf/printf.c         0x00000000   Number         0  printf4.o ABSOLUTE
    ../clib/microlib/printf/printf.c         0x00000000   Number         0  printf3.o ABSOLUTE
    ../clib/microlib/printf/printf.c         0x00000000   Number         0  printf2.o ABSOLUTE
    ../clib/microlib/printf/printf.c         0x00000000   Number         0  printf1.o ABSOLUTE
    ../clib/microlib/printf/printf.c         0x00000000   Number         0  printf0.o ABSOLUTE
    ../clib/microlib/printf/printf.c         0x00000000   Number         0  printfb.o ABSOLUTE
    ../clib/microlib/printf/printf.c         0x00000000   Number         0  printf6.o ABSOLUTE
    ../clib/microlib/printf/printf.c         0x00000000   Number         0  printf8.o ABSOLUTE
    ../clib/microlib/printf/printf.c         0x00000000   Number         0  printf5.o ABSOLUTE
    ../clib/microlib/printf/stubs.s          0x00000000   Number         0  stubs.o ABSOLUTE
    ../clib/microlib/stubs.s                 0x00000000   Number         0  iusefp.o ABSOLUTE
    ../fplib/microlib/fpadd.c                0x00000000   Number         0  dadd.o ABSOLUTE
    ../fplib/microlib/fpdiv.c                0x00000000   Number         0  ddiv.o ABSOLUTE
    ../fplib/microlib/fpepilogue.c           0x00000000   Number         0  depilogue.o ABSOLUTE
    ../fplib/microlib/fpfix.c                0x00000000   Number         0  dfixul.o ABSOLUTE
    ../fplib/microlib/fpmul.c                0x00000000   Number         0  dmul.o ABSOLUTE
    ..\..\..\..\Library\Device\Nuvoton\NUC131\Source\ARM\startup_NUC131.s 0x00000000   Number         0  startup_nuc131.o ABSOLUTE
    ..\..\..\..\Library\Device\Nuvoton\NUC131\Source\system_NUC131.c 0x00000000   Number         0  system_nuc131.o ABSOLUTE
    ..\..\..\..\Library\StdDriver\src\clk.c  0x00000000   Number         0  clk.o ABSOLUTE
    ..\..\..\..\Library\StdDriver\src\gpio.c 0x00000000   Number         0  gpio.o ABSOLUTE
    ..\..\..\..\Library\StdDriver\src\pwm.c  0x00000000   Number         0  pwm.o ABSOLUTE
    ..\..\..\..\Library\StdDriver\src\retarget.c 0x00000000   Number         0  retarget.o ABSOLUTE
    ..\..\..\..\Library\StdDriver\src\sys.c  0x00000000   Number         0  sys.o ABSOLUTE
    ..\..\..\..\Library\StdDriver\src\uart.c 0x00000000   Number         0  uart.o ABSOLUTE
    ..\\..\\..\\..\\Library\\Device\\Nuvoton\\NUC131\\Source\\system_NUC131.c 0x00000000   Number         0  system_nuc131.o ABSOLUTE
    ..\\..\\..\\..\\Library\\StdDriver\\src\\clk.c 0x00000000   Number         0  clk.o ABSOLUTE
    ..\\..\\..\\..\\Library\\StdDriver\\src\\gpio.c 0x00000000   Number         0  gpio.o ABSOLUTE
    ..\\..\\..\\..\\Library\\StdDriver\\src\\pwm.c 0x00000000   Number         0  pwm.o ABSOLUTE
    ..\\..\\..\\..\\Library\\StdDriver\\src\\retarget.c 0x00000000   Number         0  retarget.o ABSOLUTE
    ..\\..\\..\\..\\Library\\StdDriver\\src\\sys.c 0x00000000   Number         0  sys.o ABSOLUTE
    ..\\..\\..\\..\\Library\\StdDriver\\src\\uart.c 0x00000000   Number         0  uart.o ABSOLUTE
    ..\\main.c                               0x00000000   Number         0  main.o ABSOLUTE
    ..\main.c                                0x00000000   Number         0  main.o ABSOLUTE
    cdrcmple.s                               0x00000000   Number         0  cdrcmple.o ABSOLUTE
    handlers.s                               0x00000000   Number         0  handlers.o ABSOLUTE
    init.s                                   0x00000000   Number         0  init.o ABSOLUTE
    .ARM.Collect$$$$00000000                 0x000000c0   Section        0  entry.o(.ARM.Collect$$$$00000000)
    .ARM.Collect$$$$00000001                 0x000000c0   Section        4  entry2.o(.ARM.Collect$$$$00000001)
    .ARM.Collect$$$$00000004                 0x000000c4   Section        4  entry5.o(.ARM.Collect$$$$00000004)
    .ARM.Collect$$$$00000008                 0x000000c8   Section        0  entry7b.o(.ARM.Collect$$$$00000008)
    .ARM.Collect$$$$0000000A                 0x000000c8   Section        0  entry8b.o(.ARM.Collect$$$$0000000A)
    .ARM.Collect$$$$0000000B                 0x000000c8   Section        8  entry9a.o(.ARM.Collect$$$$0000000B)
    .ARM.Collect$$$$0000000D                 0x000000d0   Section        0  entry10a.o(.ARM.Collect$$$$0000000D)
    .ARM.Collect$$$$0000000F                 0x000000d0   Section        0  entry11a.o(.ARM.Collect$$$$0000000F)
    .ARM.Collect$$$$00002712                 0x000000d0   Section        4  entry2.o(.ARM.Collect$$$$00002712)
    __lit__00000000                          0x000000d0   Data           4  entry2.o(.ARM.Collect$$$$00002712)
    .emb_text                                0x000000d4   Section       28  retarget.o(.emb_text)
    .text                                    0x000000f0   Section       76  startup_nuc131.o(.text)
    Default_Handler                          0x0000011b   Thumb Code     2  startup_nuc131.o(.text)
    .text                                    0x0000013c   Section        0  uidiv.o(.text)
    .text                                    0x00000168   Section        0  uldiv.o(.text)
    .text                                    0x000001c8   Section       36  init.o(.text)
    .text                                    0x000001ec   Section        0  llshl.o(.text)
    .text                                    0x0000020c   Section        0  llushr.o(.text)
    i.CLK_EnableModuleClock                  0x00000230   Section        0  clk.o(i.CLK_EnableModuleClock)
    i.CLK_EnablePLL                          0x00000260   Section        0  clk.o(i.CLK_EnablePLL)
    i.CLK_EnableXtalRC                       0x000003f8   Section        0  clk.o(i.CLK_EnableXtalRC)
    i.CLK_GetPLLClockFreq                    0x00000408   Section        0  uart.o(i.CLK_GetPLLClockFreq)
    CLK_GetPLLClockFreq                      0x00000409   Thumb Code    70  uart.o(i.CLK_GetPLLClockFreq)
    i.CLK_GetPLLClockFreq                    0x00000460   Section        0  pwm.o(i.CLK_GetPLLClockFreq)
    CLK_GetPLLClockFreq                      0x00000461   Thumb Code    70  pwm.o(i.CLK_GetPLLClockFreq)
    i.CLK_SetCoreClock                       0x000004b8   Section        0  clk.o(i.CLK_SetCoreClock)
    i.CLK_SetHCLK                            0x00000534   Section        0  clk.o(i.CLK_SetHCLK)
    i.CLK_SetModuleClock                     0x0000057c   Section        0  clk.o(i.CLK_SetModuleClock)
    i.CLK_WaitClockReady                     0x000005dc   Section        0  clk.o(i.CLK_WaitClockReady)
    i.GPIO_SetMode                           0x00000608   Section        0  gpio.o(i.GPIO_SetMode)
    i.Hard_Fault_Handler                     0x00000630   Section        0  retarget.o(i.Hard_Fault_Handler)
    __tagsym$$used                           0x00000631   Number         0  retarget.o(i.Hard_Fault_Handler)
    i.NVIC_EnableIRQ                         0x00000658   Section        0  uart.o(i.NVIC_EnableIRQ)
    NVIC_EnableIRQ                           0x00000659   Thumb Code    14  uart.o(i.NVIC_EnableIRQ)
    i.PWM_ConfigOutputChannel                0x0000066c   Section        0  pwm.o(i.PWM_ConfigOutputChannel)
    i.PWM_EnableOutput                       0x0000077c   Section        0  pwm.o(i.PWM_EnableOutput)
    i.PWM_Start                              0x00000786   Section        0  pwm.o(i.PWM_Start)
    i.SYS_Init                               0x000007ac   Section        0  main.o(i.SYS_Init)
    i.SYS_ResetModule                        0x0000086c   Section        0  sys.o(i.SYS_ResetModule)
    i.SendChar_ToUART                        0x00000888   Section        0  retarget.o(i.SendChar_ToUART)
    i.SystemCoreClockUpdate                  0x000008a8   Section        0  system_nuc131.o(i.SystemCoreClockUpdate)
    i.SystemInit                             0x00000938   Section        0  system_nuc131.o(i.SystemInit)
    i.UART02_IRQHandler                      0x0000093c   Section        0  main.o(i.UART02_IRQHandler)
    i.UART0_Init                             0x00000998   Section        0  main.o(i.UART0_Init)
    i.UART_EnableInt                         0x000009b4   Section        0  uart.o(i.UART_EnableInt)
    i.UART_Open                              0x00000a08   Section        0  uart.o(i.UART_Open)
    i.User_Delay                             0x00000a90   Section        0  main.o(i.User_Delay)
    i.User_GPIO_Init                         0x00000aa8   Section        0  main.o(i.User_GPIO_Init)
    i.__0printf$5                            0x00000af8   Section        0  printf5.o(i.__0printf$5)
    i.__scatterload_copy                     0x00000b18   Section       14  handlers.o(i.__scatterload_copy)
    i.__scatterload_null                     0x00000b26   Section        2  handlers.o(i.__scatterload_null)
    i.__scatterload_zeroinit                 0x00000b28   Section       14  handlers.o(i.__scatterload_zeroinit)
    i._printf_core                           0x00000b38   Section        0  printf5.o(i._printf_core)
    _printf_core                             0x00000b39   Thumb Code   688  printf5.o(i._printf_core)
    i.fputc                                  0x00000e14   Section        0  retarget.o(i.fputc)
    i.main                                   0x00000e20   Section        0  main.o(i.main)
    i.stackDump                              0x00000f28   Section        0  retarget.o(i.stackDump)
    stackDump                                0x00000f29   Thumb Code    70  retarget.o(i.stackDump)
    .constdata                               0x00000fd0   Section       48  uart.o(.constdata)
    .constdata                               0x00001000   Section       48  clk.o(.constdata)
    .data                                    0x20000000   Section       44  system_nuc131.o(.data)
    .data                                    0x2000002c   Section        4  retarget.o(.data)
    STACK                                    0x20000030   Section     1024  startup_nuc131.o(STACK)

    Global Symbols

    Symbol Name                              Value     Ov Type        Size  Object(Section)

    BuildAttributes$$THM_ISAv3M$S$PE$A:L22$X:L11$S22$IEEE1$IW$USESV6$~STKCKD$USESV7$~SHL$OSPACE$ROPI$EBA8$MICROLIB$REQ8$PRES8$EABIv2 0x00000000   Number         0  anon$$obj.o ABSOLUTE
    __ARM_use_no_argv                        0x00000000   Number         0  main.o ABSOLUTE
    __Vectors                                0x00000000   Data           4  startup_nuc131.o(RESET)
    _printf_a                                0x00000000   Number         0  stubs.o ABSOLUTE
    _printf_c                                0x00000000   Number         0  stubs.o ABSOLUTE
    _printf_charcount                        0x00000000   Number         0  stubs.o ABSOLUTE
    _printf_d                                0x00000000   Number         0  stubs.o ABSOLUTE
    _printf_e                                0x00000000   Number         0  stubs.o ABSOLUTE
    _printf_f                                0x00000000   Number         0  stubs.o ABSOLUTE
    _printf_flags                            0x00000000   Number         0  stubs.o ABSOLUTE
    _printf_fp_dec                           0x00000000   Number         0  stubs.o ABSOLUTE
    _printf_fp_hex                           0x00000000   Number         0  stubs.o ABSOLUTE
    _printf_g                                0x00000000   Number         0  stubs.o ABSOLUTE
    _printf_i                                0x00000000   Number         0  stubs.o ABSOLUTE
    _printf_int_dec                          0x00000000   Number         0  stubs.o ABSOLUTE
    _printf_l                                0x00000000   Number         0  stubs.o ABSOLUTE
    _printf_lc                               0x00000000   Number         0  stubs.o ABSOLUTE
    _printf_ll                               0x00000000   Number         0  stubs.o ABSOLUTE
    _printf_lld                              0x00000000   Number         0  stubs.o ABSOLUTE
    _printf_lli                              0x00000000   Number         0  stubs.o ABSOLUTE
    _printf_llo                              0x00000000   Number         0  stubs.o ABSOLUTE
    _printf_llu                              0x00000000   Number         0  stubs.o ABSOLUTE
    _printf_llx                              0x00000000   Number         0  stubs.o ABSOLUTE
    _printf_longlong_dec                     0x00000000   Number         0  stubs.o ABSOLUTE
    _printf_longlong_hex                     0x00000000   Number         0  stubs.o ABSOLUTE
    _printf_longlong_oct                     0x00000000   Number         0  stubs.o ABSOLUTE
    _printf_ls                               0x00000000   Number         0  stubs.o ABSOLUTE
    _printf_mbtowc                           0x00000000   Number         0  stubs.o ABSOLUTE
    _printf_n                                0x00000000   Number         0  stubs.o ABSOLUTE
    _printf_o                                0x00000000   Number         0  stubs.o ABSOLUTE
    _printf_p                                0x00000000   Number         0  stubs.o ABSOLUTE
    _printf_percent                          0x00000000   Number         0  stubs.o ABSOLUTE
    _printf_pre_padding                      0x00000000   Number         0  stubs.o ABSOLUTE
    _printf_return_value                     0x00000000   Number         0  stubs.o ABSOLUTE
    _printf_s                                0x00000000   Number         0  stubs.o ABSOLUTE
    _printf_sizespec                         0x00000000   Number         0  stubs.o ABSOLUTE
    _printf_str                              0x00000000   Number         0  stubs.o ABSOLUTE
    _printf_truncate_signed                  0x00000000   Number         0  stubs.o ABSOLUTE
    _printf_truncate_unsigned                0x00000000   Number         0  stubs.o ABSOLUTE
    _printf_u                                0x00000000   Number         0  stubs.o ABSOLUTE
    _printf_wc                               0x00000000   Number         0  stubs.o ABSOLUTE
    _printf_wctomb                           0x00000000   Number         0  stubs.o ABSOLUTE
    _printf_widthprec                        0x00000000   Number         0  stubs.o ABSOLUTE
    _printf_x                                0x00000000   Number         0  stubs.o ABSOLUTE
    __cpp_initialize__aeabi_                  - Undefined Weak Reference
    __cxa_finalize                            - Undefined Weak Reference
    __decompress                              - Undefined Weak Reference
    _clock_init                               - Undefined Weak Reference
    _microlib_exit                            - Undefined Weak Reference
    __main                                   0x000000c1   Thumb Code     0  entry.o(.ARM.Collect$$$$00000000)
    _main_stk                                0x000000c1   Thumb Code     0  entry2.o(.ARM.Collect$$$$00000001)
    _main_scatterload                        0x000000c5   Thumb Code     0  entry5.o(.ARM.Collect$$$$00000004)
    __main_after_scatterload                 0x000000c9   Thumb Code     0  entry5.o(.ARM.Collect$$$$00000004)
    _main_clock                              0x000000c9   Thumb Code     0  entry7b.o(.ARM.Collect$$$$00000008)
    _main_cpp_init                           0x000000c9   Thumb Code     0  entry8b.o(.ARM.Collect$$$$0000000A)
    _main_init                               0x000000c9   Thumb Code     0  entry9a.o(.ARM.Collect$$$$0000000B)
    __rt_final_cpp                           0x000000d1   Thumb Code     0  entry10a.o(.ARM.Collect$$$$0000000D)
    __rt_final_exit                          0x000000d1   Thumb Code     0  entry11a.o(.ARM.Collect$$$$0000000F)
    HardFault_Handler                        0x000000d5   Thumb Code    24  retarget.o(.emb_text)
    Reset_Handler                            0x000000f1   Thumb Code    32  startup_nuc131.o(.text)
    NMI_Handler                              0x00000111   Thumb Code     2  startup_nuc131.o(.text)
    SVC_Handler                              0x00000115   Thumb Code     2  startup_nuc131.o(.text)
    PendSV_Handler                           0x00000117   Thumb Code     2  startup_nuc131.o(.text)
    SysTick_Handler                          0x00000119   Thumb Code     2  startup_nuc131.o(.text)
    ADC_IRQHandler                           0x0000011b   Thumb Code     0  startup_nuc131.o(.text)
    BOD_IRQHandler                           0x0000011b   Thumb Code     0  startup_nuc131.o(.text)
    BPWM0_IRQHandler                         0x0000011b   Thumb Code     0  startup_nuc131.o(.text)
    BPWM1_IRQHandler                         0x0000011b   Thumb Code     0  startup_nuc131.o(.text)
    BRAKE0_IRQHandler                        0x0000011b   Thumb Code     0  startup_nuc131.o(.text)
    BRAKE1_IRQHandler                        0x0000011b   Thumb Code     0  startup_nuc131.o(.text)
    CAN0_IRQHandler                          0x0000011b   Thumb Code     0  startup_nuc131.o(.text)
    CAN1_IRQHandler                          0x0000011b   Thumb Code     0  startup_nuc131.o(.text)
    CKD_IRQHandler                           0x0000011b   Thumb Code     0  startup_nuc131.o(.text)
    EINT0_IRQHandler                         0x0000011b   Thumb Code     0  startup_nuc131.o(.text)
    EINT1_IRQHandler                         0x0000011b   Thumb Code     0  startup_nuc131.o(.text)
    GPAB_IRQHandler                          0x0000011b   Thumb Code     0  startup_nuc131.o(.text)
    GPCDEF_IRQHandler                        0x0000011b   Thumb Code     0  startup_nuc131.o(.text)
    I2C0_IRQHandler                          0x0000011b   Thumb Code     0  startup_nuc131.o(.text)
    I2C1_IRQHandler                          0x0000011b   Thumb Code     0  startup_nuc131.o(.text)
    PWM0_IRQHandler                          0x0000011b   Thumb Code     0  startup_nuc131.o(.text)
    PWM1_IRQHandler                          0x0000011b   Thumb Code     0  startup_nuc131.o(.text)
    PWRWU_IRQHandler                         0x0000011b   Thumb Code     0  startup_nuc131.o(.text)
    RTC_IRQHandler                           0x0000011b   Thumb Code     0  startup_nuc131.o(.text)
    SPI0_IRQHandler                          0x0000011b   Thumb Code     0  startup_nuc131.o(.text)
    TMR0_IRQHandler                          0x0000011b   Thumb Code     0  startup_nuc131.o(.text)
    TMR1_IRQHandler                          0x0000011b   Thumb Code     0  startup_nuc131.o(.text)
    TMR2_IRQHandler                          0x0000011b   Thumb Code     0  startup_nuc131.o(.text)
    TMR3_IRQHandler                          0x0000011b   Thumb Code     0  startup_nuc131.o(.text)
    UART1_IRQHandler                         0x0000011b   Thumb Code     0  startup_nuc131.o(.text)
    UART3_IRQHandler                         0x0000011b   Thumb Code     0  startup_nuc131.o(.text)
    UART4_IRQHandler                         0x0000011b   Thumb Code     0  startup_nuc131.o(.text)
    UART5_IRQHandler                         0x0000011b   Thumb Code     0  startup_nuc131.o(.text)
    WDT_IRQHandler                           0x0000011b   Thumb Code     0  startup_nuc131.o(.text)
    __aeabi_uidiv                            0x0000013d   Thumb Code     0  uidiv.o(.text)
    __aeabi_uidivmod                         0x0000013d   Thumb Code    44  uidiv.o(.text)
    __aeabi_uldivmod                         0x00000169   Thumb Code    96  uldiv.o(.text)
    __scatterload                            0x000001c9   Thumb Code    28  init.o(.text)
    __scatterload_rt2                        0x000001c9   Thumb Code     0  init.o(.text)
    __aeabi_llsl                             0x000001ed   Thumb Code    32  llshl.o(.text)
    _ll_shift_l                              0x000001ed   Thumb Code     0  llshl.o(.text)
    __aeabi_llsr                             0x0000020d   Thumb Code    34  llushr.o(.text)
    _ll_ushift_r                             0x0000020d   Thumb Code     0  llushr.o(.text)
    CLK_EnableModuleClock                    0x00000231   Thumb Code    40  clk.o(i.CLK_EnableModuleClock)
    CLK_EnablePLL                            0x00000261   Thumb Code   348  clk.o(i.CLK_EnablePLL)
    CLK_EnableXtalRC                         0x000003f9   Thumb Code    10  clk.o(i.CLK_EnableXtalRC)
    CLK_SetCoreClock                         0x000004b9   Thumb Code   114  clk.o(i.CLK_SetCoreClock)
    CLK_SetHCLK                              0x00000535   Thumb Code    66  clk.o(i.CLK_SetHCLK)
    CLK_SetModuleClock                       0x0000057d   Thumb Code    88  clk.o(i.CLK_SetModuleClock)
    CLK_WaitClockReady                       0x000005dd   Thumb Code    34  clk.o(i.CLK_WaitClockReady)
    GPIO_SetMode                             0x00000609   Thumb Code    40  gpio.o(i.GPIO_SetMode)
    Hard_Fault_Handler                       0x00000631   Thumb Code    16  retarget.o(i.Hard_Fault_Handler)
    PWM_ConfigOutputChannel                  0x0000066d   Thumb Code   248  pwm.o(i.PWM_ConfigOutputChannel)
    PWM_EnableOutput                         0x0000077d   Thumb Code    10  pwm.o(i.PWM_EnableOutput)
    PWM_Start                                0x00000787   Thumb Code    36  pwm.o(i.PWM_Start)
    SYS_Init                                 0x000007ad   Thumb Code   160  main.o(i.SYS_Init)
    SYS_ResetModule                          0x0000086d   Thumb Code    26  sys.o(i.SYS_ResetModule)
    SendChar_ToUART                          0x00000889   Thumb Code    26  retarget.o(i.SendChar_ToUART)
    SystemCoreClockUpdate                    0x000008a9   Thumb Code   118  system_nuc131.o(i.SystemCoreClockUpdate)
    SystemInit                               0x00000939   Thumb Code     2  system_nuc131.o(i.SystemInit)
    UART02_IRQHandler                        0x0000093d   Thumb Code    82  main.o(i.UART02_IRQHandler)
    UART0_Init                               0x00000999   Thumb Code    20  main.o(i.UART0_Init)
    UART_EnableInt                           0x000009b5   Thumb Code    62  uart.o(i.UART_EnableInt)
    UART_Open                                0x00000a09   Thumb Code   120  uart.o(i.UART_Open)
    User_Delay                               0x00000a91   Thumb Code    20  main.o(i.User_Delay)
    User_GPIO_Init                           0x00000aa9   Thumb Code    74  main.o(i.User_GPIO_Init)
    __0printf$5                              0x00000af9   Thumb Code    24  printf5.o(i.__0printf$5)
    __1printf$5                              0x00000af9   Thumb Code     0  printf5.o(i.__0printf$5)
    __2printf                                0x00000af9   Thumb Code     0  printf5.o(i.__0printf$5)
    __scatterload_copy                       0x00000b19   Thumb Code    14  handlers.o(i.__scatterload_copy)
    __scatterload_null                       0x00000b27   Thumb Code     2  handlers.o(i.__scatterload_null)
    __scatterload_zeroinit                   0x00000b29   Thumb Code    14  handlers.o(i.__scatterload_zeroinit)
    fputc                                    0x00000e15   Thumb Code    12  retarget.o(i.fputc)
    main                                     0x00000e21   Thumb Code   244  main.o(i.main)
    Region$$Table$$Base                      0x00001030   Number         0  anon$$obj.o(Region$$Table)
    Region$$Table$$Limit                     0x00001050   Number         0  anon$$obj.o(Region$$Table)
    SystemCoreClock                          0x20000000   Data           4  system_nuc131.o(.data)
    CyclesPerUs                              0x20000004   Data           4  system_nuc131.o(.data)
    PllClock                                 0x20000008   Data           4  system_nuc131.o(.data)
    gau32ClkSrcTbl                           0x2000000c   Data          32  system_nuc131.o(.data)
    __stdout                                 0x2000002c   Data           4  retarget.o(.data)
    __initial_sp                             0x20000430   Data           0  startup_nuc131.o(STACK)



==============================================================================

Memory Map of the image

  Image Entry point : 0x000000f1

  Load Region LR_1 (Base: 0x00000000, Size: 0x00001080, Max: 0xffffffff, ABSOLUTE)

    Execution Region ER_RO (Exec base: 0x00000000, Load base: 0x00000000, Size: 0x00001050, Max: 0xffffffff, ABSOLUTE)

    Exec Addr    Load Addr    Size         Type   Attr      Idx    E Section Name        Object

    0x00000000   0x00000000   0x000000c0   Data   RO           95    RESET               startup_nuc131.o
    0x000000c0   0x000000c0   0x00000000   Code   RO          932  * .ARM.Collect$$$$00000000  mc_p.l(entry.o)
    0x000000c0   0x000000c0   0x00000004   Code   RO         1196    .ARM.Collect$$$$00000001  mc_p.l(entry2.o)
    0x000000c4   0x000000c4   0x00000004   Code   RO         1199    .ARM.Collect$$$$00000004  mc_p.l(entry5.o)
    0x000000c8   0x000000c8   0x00000000   Code   RO         1201    .ARM.Collect$$$$00000008  mc_p.l(entry7b.o)
    0x000000c8   0x000000c8   0x00000000   Code   RO         1203    .ARM.Collect$$$$0000000A  mc_p.l(entry8b.o)
    0x000000c8   0x000000c8   0x00000008   Code   RO         1204    .ARM.Collect$$$$0000000B  mc_p.l(entry9a.o)
    0x000000d0   0x000000d0   0x00000000   Code   RO         1206    .ARM.Collect$$$$0000000D  mc_p.l(entry10a.o)
    0x000000d0   0x000000d0   0x00000000   Code   RO         1208    .ARM.Collect$$$$0000000F  mc_p.l(entry11a.o)
    0x000000d0   0x000000d0   0x00000004   Code   RO         1197    .ARM.Collect$$$$00002712  mc_p.l(entry2.o)
    0x000000d4   0x000000d4   0x0000001c   Code   RO          183    .emb_text           retarget.o
    0x000000f0   0x000000f0   0x0000004c   Code   RO           96  * .text               startup_nuc131.o
    0x0000013c   0x0000013c   0x0000002c   Code   RO          933    .text               mc_p.l(uidiv.o)
    0x00000168   0x00000168   0x00000060   Code   RO         1210    .text               mc_p.l(uldiv.o)
    0x000001c8   0x000001c8   0x00000024   Code   RO         1223    .text               mc_p.l(init.o)
    0x000001ec   0x000001ec   0x00000020   Code   RO         1225    .text               mc_p.l(llshl.o)
    0x0000020c   0x0000020c   0x00000022   Code   RO         1227    .text               mc_p.l(llushr.o)
    0x0000022e   0x0000022e   0x00000002   PAD
    0x00000230   0x00000230   0x00000030   Code   RO          430    i.CLK_EnableModuleClock  clk.o
    0x00000260   0x00000260   0x00000198   Code   RO          431    i.CLK_EnablePLL     clk.o
    0x000003f8   0x000003f8   0x00000010   Code   RO          433    i.CLK_EnableXtalRC  clk.o
    0x00000408   0x00000408   0x00000058   Code   RO          304    i.CLK_GetPLLClockFreq  uart.o
    0x00000460   0x00000460   0x00000058   Code   RO          639    i.CLK_GetPLLClockFreq  pwm.o
    0x000004b8   0x000004b8   0x0000007c   Code   RO          440    i.CLK_SetCoreClock  clk.o
    0x00000534   0x00000534   0x00000048   Code   RO          441    i.CLK_SetHCLK       clk.o
    0x0000057c   0x0000057c   0x00000060   Code   RO          442    i.CLK_SetModuleClock  clk.o
    0x000005dc   0x000005dc   0x0000002c   Code   RO          444    i.CLK_WaitClockReady  clk.o
    0x00000608   0x00000608   0x00000028   Code   RO          274    i.GPIO_SetMode      gpio.o
    0x00000630   0x00000630   0x00000028   Code   RO          185    i.Hard_Fault_Handler  retarget.o
    0x00000658   0x00000658   0x00000014   Code   RO          306    i.NVIC_EnableIRQ    uart.o
    0x0000066c   0x0000066c   0x00000110   Code   RO          648    i.PWM_ConfigOutputChannel  pwm.o
    0x0000077c   0x0000077c   0x0000000a   Code   RO          671    i.PWM_EnableOutput  pwm.o
    0x00000786   0x00000786   0x00000024   Code   RO          684    i.PWM_Start         pwm.o
    0x000007aa   0x000007aa   0x00000002   PAD
    0x000007ac   0x000007ac   0x000000c0   Code   RO          102    i.SYS_Init          main.o
    0x0000086c   0x0000086c   0x0000001a   Code   RO          574    i.SYS_ResetModule   sys.o
    0x00000886   0x00000886   0x00000002   PAD
    0x00000888   0x00000888   0x00000020   Code   RO          188    i.SendChar_ToUART   retarget.o
    0x000008a8   0x000008a8   0x00000090   Code   RO            3    i.SystemCoreClockUpdate  system_nuc131.o
    0x00000938   0x00000938   0x00000002   Code   RO            4    i.SystemInit        system_nuc131.o
    0x0000093a   0x0000093a   0x00000002   PAD
    0x0000093c   0x0000093c   0x0000005c   Code   RO          103    i.UART02_IRQHandler  main.o
    0x00000998   0x00000998   0x0000001c   Code   RO          104    i.UART0_Init        main.o
    0x000009b4   0x000009b4   0x00000054   Code   RO          312    i.UART_EnableInt    uart.o
    0x00000a08   0x00000a08   0x00000088   Code   RO          313    i.UART_Open         uart.o
    0x00000a90   0x00000a90   0x00000018   Code   RO          105    i.User_Delay        main.o
    0x00000aa8   0x00000aa8   0x00000050   Code   RO          106    i.User_GPIO_Init    main.o
    0x00000af8   0x00000af8   0x00000020   Code   RO         1068    i.__0printf$5       mc_p.l(printf5.o)
    0x00000b18   0x00000b18   0x0000000e   Code   RO         1237    i.__scatterload_copy  mc_p.l(handlers.o)
    0x00000b26   0x00000b26   0x00000002   Code   RO         1238    i.__scatterload_null  mc_p.l(handlers.o)
    0x00000b28   0x00000b28   0x0000000e   Code   RO         1239    i.__scatterload_zeroinit  mc_p.l(handlers.o)
    0x00000b36   0x00000b36   0x00000002   PAD
    0x00000b38   0x00000b38   0x000002dc   Code   RO         1075    i._printf_core      mc_p.l(printf5.o)
    0x00000e14   0x00000e14   0x0000000c   Code   RO          192    i.fputc             retarget.o
    0x00000e20   0x00000e20   0x00000108   Code   RO          107    i.main              main.o
    0x00000f28   0x00000f28   0x000000a8   Code   RO          194    i.stackDump         retarget.o
    0x00000fd0   0x00000fd0   0x00000030   Data   RO          321    .constdata          uart.o
    0x00001000   0x00001000   0x00000030   Data   RO          445    .constdata          clk.o
    0x00001030   0x00001030   0x00000020   Data   RO         1235    Region$$Table       anon$$obj.o


    Execution Region ER_RW (Exec base: 0x20000000, Load base: 0x00001050, Size: 0x00000030, Max: 0xffffffff, ABSOLUTE)

    Exec Addr    Load Addr    Size         Type   Attr      Idx    E Section Name        Object

    0x20000000   0x00001050   0x0000002c   Data   RW            5    .data               system_nuc131.o
    0x2000002c   0x0000107c   0x00000004   Data   RW          195    .data               retarget.o


    Execution Region ER_ZI (Exec base: 0x20000030, Load base: 0x00001080, Size: 0x00000400, Max: 0xffffffff, ABSOLUTE)

    Exec Addr    Load Addr    Size         Type   Attr      Idx    E Section Name        Object

    0x20000030        -       0x00000400   Zero   RW           93    STACK               startup_nuc131.o


==============================================================================

Image component sizes


      Code (inc. data)   RO Data    RW Data    ZI Data      Debug   Object Name

       808        108         48          0          0       6286   clk.o
        40          0          0          0          0       1079   gpio.o
       680         80          0          0          0     160683   main.o
       406         42          0          0          0       3621   pwm.o
       280        132          0          4          0       4942   retarget.o
        76         32        192          0       1024        748   startup_nuc131.o
        26          0          0          0          0        546   sys.o
       146         26          0         44          0     130427   system_nuc131.o
       328         62         48          0          0       9073   uart.o

    ----------------------------------------------------------------------
      2796        482        320         48       1024     317405   Object Totals
         0          0         32          0          0          0   (incl. Generated)
         6          0          0          0          0          0   (incl. Padding)

    ----------------------------------------------------------------------

      Code (inc. data)   RO Data    RW Data    ZI Data      Debug   Library Member Name

         0          0          0          0          0          0   entry.o
         0          0          0          0          0          0   entry10a.o
         0          0          0          0          0          0   entry11a.o
         8          4          0          0          0          0   entry2.o
         4          0          0          0          0          0   entry5.o
         0          0          0          0          0          0   entry7b.o
         0          0          0          0          0          0   entry8b.o
         8          4          0          0          0          0   entry9a.o
        30          0          0          0          0          0   handlers.o
        36          8          0          0          0         68   init.o
        32          0          0          0          0         68   llshl.o
        34          0          0          0          0         68   llushr.o
       764         52          0          0          0        168   printf5.o
        44          0          0          0          0         72   uidiv.o
        96          0          0          0          0         84   uldiv.o

    ----------------------------------------------------------------------
      1060         68          0          0          0        528   Library Totals
         4          0          0          0          0          0   (incl. Padding)

    ----------------------------------------------------------------------

      Code (inc. data)   RO Data    RW Data    ZI Data      Debug   Library Name

      1056         68          0          0          0        528   mc_p.l

    ----------------------------------------------------------------------
      1060         68          0          0          0        528   Library Totals

    ----------------------------------------------------------------------

==============================================================================


      Code (inc. data)   RO Data    RW Data    ZI Data      Debug   

      3856        550        320         48       1024     316669   Grand Totals
      3856        550        320         48       1024     316669   ELF Image Totals
      3856        550        320         48          0          0   ROM Totals

==============================================================================

    Total RO  Size (Code + RO Data)                 4176 (   4.08kB)
    Total RW  Size (RW Data + ZI Data)              1072 (   1.05kB)
    Total ROM Size (Code + RO Data + RW Data)       4224 (   4.13kB)

==============================================================================

